environment = 'local'
recurrency_bucket = 'smartsuiteqa'